geometry:polygon and (highway=* or railway=platform) and not (cycleway=separate or cycleway:both=separate or (cycleway:right=separate and cycleway:left=separate))
