geometry:polygon and amenity=parking and orientation=parallel
