geometry:line and amenity=parking and orientation=parallel
